// Vitest Snapshot v1, https://vitest.dev/guide/snapshot.html

exports[`should sayHi correctly1 1`] = `
[
  {
    "code": "case mismatch",
    "details": undefined,
    "message": "  × Can't resolve "./Hello" in "<ROOT>/tests/fixtures/case_sensitive/src/index.ts". (case mismatch)
   ╭─[<ROOT>/tests/fixtures/case_sensitive/src/index.ts:1:22]
 1 │ import { hello } from './Hello';
   ·                       ────┬────
   ·                           ╰── Path case mismatch
 2 │ 
 3 │ hello();
   ╰────
  help: Fix the case of file paths to ensure consistency in cross-platform builds.
        It may work fine on macOS/Windows, but will fail on Linux.
",
    "moduleId": undefined,
    "moduleIdentifier": "<ROOT>/tests/fixtures/case_sensitive/src/index.ts",
    "moduleName": "./tests/fixtures/case_sensitive/src/index.ts",
    "moduleTrace": [],
    "stack": undefined,
  },
]
`;
